[www.parleproducts.com/brands/parle-g.html]
[backblue.gif]
[fade.gif]
[index.html]
[www.parleproducts.com/css/colorbox.css]
[www.parleproducts.com/css/animate.min.css]
[www.parleproducts.com/css/owl.theme.default.min.css]
[www.parleproducts.com/css/owl.carousel.min.css]
[www.parleproducts.com/css/bootstrap.min.css]
[www.parleproducts.com/css/style.css]
[www.parleproducts.com/css/responsive.css]
[www.parleproducts.com/css/dynamic.css]
[cdn.linearicons.com/free/1.0.0/icon-font.min.css]
[use.fontawesome.com/releases/v5.9.0/css/all.css]
[www.parleproducts.com/images/close-icon.png]
[www.parleproducts.com/images/parle_logo.jpg]
[www.parleproducts.com/images/mobile-menu.png]
[www.parleproducts.com/images/menu-mobile-icon.png]
[www.parleproducts.com/images/MM-about2.jpg]
[www.parleproducts.com/images/menu_map.jpg]
[www.parleproducts.com/images/menu-closed-icon.png]
[www.parleproducts.com/images/parle_recipes.png]
[www.parleproducts.com/images/menu_black.png]
[www.parleproducts.com/uploads/Image/2prdtbann_2prdtbann_parleg-banner.jpg]
[www.parleproducts.com/Uploads/prdsmallimage/100prodsmall_parle-g.png]
[www.parleproducts.com/Uploads/prdsmallimage/99prodsmall_parle-gold.png]
[www.parleproducts.com/Uploads/prdsmallimage/101prodsmall_parle-chotabheem.png]
[www.parleproducts.com/Uploads/prdsmallimage/199prodsmall_parle-oats.png]
[www.parleproducts.com/Uploads/prdsmallimage/198prodsmall_kismi.png]
[www.parleproducts.com/Uploads/prdsmallimage/196prodsmall_parle-royal.png]
[www.parleproducts.com/Uploads/prdsmallimage/204prodsmall_parle-dark.png]
[www.parleproducts.com/images/tv1.jpg]
[www.parleproducts.com/images/tv2.jpg]
[www.parleproducts.com/images/tv3.jpg]
[www.parleproducts.com/images/tv4.jpg]
[www.parleproducts.com/images/tv5.jpg]
[www.parleproducts.com/images/tv6.jpg]
[www.parleproducts.com/images/tv7.jpg]
[www.parleproducts.com/images/tv8.jpg]
[www.parleproducts.com/images/tv9.jpg]
[www.parleproducts.com/images/tv10.jpg]
[www.parleproducts.com/images/tv11.jpg]
[www.parleproducts.com/images/tv12.jpg]
[www.parleproducts.com/images/tv13.jpg]
[www.parleproducts.com/images/tv14.jpg]
[www.parleproducts.com/images/tv15.jpg]
[www.parleproducts.com/images/tv16.jpg]
[www.parleproducts.com/images/tv17.jpg]
[www.parleproducts.com/images/tv18.jpg]
[www.parleproducts.com/images/tv19.jpg]
[www.parleproducts.com/images/tv20.jpg]
[www.parleproducts.com/Uploads/prdsmallimage/92bv_parle_img4.jpg]
[www.parleproducts.com/Uploads/prdsmallimage/93bv_parle_img5.jpg]
[www.parleproducts.com/Uploads/prdsmallimage/94bv_parle_img6.jpg]
[www.parleproducts.com/Uploads/prdsmallimage/126bv_science-project.jpg]
[www.parleproducts.com/Uploads/prdsmallimage/127bv_musical-chairs.jpg]
[www.parleproducts.com/Uploads/prdsmallimage/128bv_puppet-show.jpg]
[www.parleproducts.com/Uploads/prdsmallimage/129bv_toy-store.jpg]
[www.parleproducts.com/Uploads/prdsmallimage/130bv_brother-sister.jpg]
[www.parleproducts.com/Uploads/prdsmallimage/131bv_birthday.jpg]
[www.parleproducts.com/Uploads/prdsmallimage/132bv_dadi.jpg]
[www.parleproducts.com/Uploads/prdsmallimage/133bv_dadaji.jpg]
[www.parleproducts.com/Uploads/prdsmallimage/44bv_parle_thumb5.jpg]
[www.parleproducts.com/Uploads/prdsmallimage/5bv_parle_thumb.jpg]
[www.parleproducts.com/Uploads/prdsmallimage/63bv_parle_ad.jpg]
[www.parleproducts.com/Uploads/prdsmallimage/64bv_parle_ad1.jpg]
[www.parleproducts.com/Uploads/prdsmallimage/65bv_parle_ad2.jpg]
[www.parleproducts.com/Uploads/prdsmallimage/66bv_parle_ad3.jpg]
[www.parleproducts.com/Uploads/prdsmallimage/67bv_parle_ad4.jpg]
[www.parleproducts.com/Uploads/prdsmallimage/68bv_parle_ad6.jpg]
[www.parleproducts.com/Uploads/prdsmallimage/7bv_parle_thumb3.jpg]
[www.parleproducts.com/Uploads/prdsmallimage/8bv_parle_thumb4.jpg]
[www.parleproducts.com/Uploads/prdsmallimage/69bv_parle_ad7.jpg]
[www.parleproducts.com/Uploads/prdsmallimage/70bv_parle_ad8.jpg]
[www.parleproducts.com/Uploads/prdsmallimage/71bv_parle_ad9.jpg]
[www.parleproducts.com/Uploads/prdsmallimage/6bv_parle_thumb2.jpg]
[www.parleproducts.com/images/facebook.png]
[connect.facebook.net/en_GB/sdk.js]
[www.parleproducts.com/images/twitter.png]
[platform.twitter.com/widgets.js]
[www.parleproducts.com/images/instagram.png]
[www.parleproducts.com/images/parleg_insta1.jpg]
[www.parleproducts.com/images/parleg_insta2.jpg]
[www.parleproducts.com/images/parleg_insta3.jpg]
[www.parleproducts.com/images/parleg_insta4.jpg]
[www.parleproducts.com/images/insta_img.jpg]
[www.parleproducts.com/images/parleg_insta5.jpg]
[www.parleproducts.com/images/parleg_insta6.jpg]
[www.parleproducts.com/images/parleg_insta7.jpg]
[www.parleproducts.com/images/parleg_insta8.jpg]
[www.parleproducts.com/images/parleg_insta9.jpg]
[www.parleproducts.com/js/jquery-3.3.1.slim.min.js]
[www.parleproducts.com/js/popper.min.js]
[www.parleproducts.com/js/bootstrap.min.js]
[www.parleproducts.com/js/banner.js]
[www.parleproducts.com/js/owl.carousel.min.js]
[www.parleproducts.com/js/jquery.colorbox.js]
[www.parleproducts.com/js/wow.min.js]
[www.parleproducts.com/js/main.js]
[www.parleproducts.com/js/lozad.min.js]
[www.parleproducts.com/brands/parle-g.html]
[www.parleproducts.com/images/overlay.png]
[www.parleproducts.com/images/controls.png]
[www.parleproducts.com/images/border.png]
[www.parleproducts.com/css/colorbox.css]
[www.parleproducts.com/css/animate.min.css]
[www.parleproducts.com/css/owl.theme.default.min.css]
[www.parleproducts.com/css/owl.carousel.min.css]
[www.parleproducts.com/css/bootstrap.min.css]
[www.parleproducts.com/images/search-icon2.png]
[www.parleproducts.com/images/left-aerrow.png]
[www.parleproducts.com/images/right-aerrow.png]
[www.parleproducts.com/images/home_map.png]
[www.parleproducts.com/images/inner-hrd-bg.jpg]
[www.parleproducts.com/images/banner-shadow.png]
[www.parleproducts.com/images/campaign-shadow.png]
[www.parleproducts.com/images/campaign-icon.png]
[www.parleproducts.com/images/left-aero.png]
[www.parleproducts.com/images/right-aero.png]
[www.parleproducts.com/images/downaero.png]
[www.parleproducts.com/images/black-left.png]
[www.parleproducts.com/images/black-right.png]
[www.parleproducts.com/images/location.jpg]
[www.parleproducts.com/images/header-img-1.png]
[www.parleproducts.com/images/red_box.jpg]
[www.parleproducts.com/css/style.css]
[www.parleproducts.com/images/plus-icon1.png]
[www.parleproducts.com/images/icon-minus11.png]
[www.parleproducts.com/css/responsive.css]
[www.parleproducts.com/css/dynamic.css]
[cdn.linearicons.com/free/1.0.0/icon-font.min.css]
[use.fontawesome.com/releases/v5.9.0/css/all.css]
[www.googletagmanager.com/gtm5445.html]
[connect.facebook.net/en_GB/sdk.js]
[www.parleproducts.com/images/loading_background.html]
[www.parleproducts.com/images/loading.html]
[www.parleproducts.com/css/owl.video.play.html]
[www.parleproducts.com/images/warning.html]
[www.parleproducts.com/images/bult3.html]
[cdn.linearicons.com/free/1.0.0/Linearicons-Free.eot]
